  Determinando os projetos a serem restaurados...
C:\Projetos\Capital\Constriva\backend\src\Constriva.API\Constriva.API.csproj : warning NU1603: Constriva.Infrastructure depends on AWSSDK.S3 (>= 3.7.400.26) but AWSSDK.S3 3.7.400.26 was not found. AWSSDK.S3 3.7.401 was resolved instead. [C:\Projetos\Capital\Constriva\backend\Constriva.sln]
C:\Projetos\Capital\Constriva\backend\src\Constriva.Infrastructure\Constriva.Infrastructure.csproj : warning NU1603: Constriva.Infrastructure depends on AWSSDK.S3 (>= 3.7.400.26) but AWSSDK.S3 3.7.400.26 was not found. AWSSDK.S3 3.7.401 was resolved instead. [C:\Projetos\Capital\Constriva\backend\Constriva.sln]
C:\Projetos\Capital\Constriva\backend\tests\Constriva.Tests\Constriva.Tests.csproj : warning NU1603: Constriva.Infrastructure depends on AWSSDK.S3 (>= 3.7.400.26) but AWSSDK.S3 3.7.400.26 was not found. AWSSDK.S3 3.7.401 was resolved instead. [C:\Projetos\Capital\Constriva\backend\Constriva.sln]
C:\Projetos\Capital\Constriva\backend\src\Constriva.Infrastructure\Constriva.Infrastructure.csproj : warning NU1902: Package 'MimeKit' 4.7.1 has a known moderate severity vulnerability, https://github.com/advisories/GHSA-g7hc-96xr-gvvx [C:\Projetos\Capital\Constriva\backend\Constriva.sln]
  Todos os projetos est├úo atualizados para restaura├º├úo.
C:\Projetos\Capital\Constriva\backend\src\Constriva.Infrastructure\Constriva.Infrastructure.csproj : warning NU1603: Constriva.Infrastructure depends on AWSSDK.S3 (>= 3.7.400.26) but AWSSDK.S3 3.7.400.26 was not found. AWSSDK.S3 3.7.401 was resolved instead.
C:\Projetos\Capital\Constriva\backend\src\Constriva.Infrastructure\Constriva.Infrastructure.csproj : warning NU1902: Package 'MimeKit' 4.7.1 has a known moderate severity vulnerability, https://github.com/advisories/GHSA-g7hc-96xr-gvvx
C:\Projetos\Capital\Constriva\backend\src\Constriva.API\Constriva.API.csproj : warning NU1603: Constriva.Infrastructure depends on AWSSDK.S3 (>= 3.7.400.26) but AWSSDK.S3 3.7.400.26 was not found. AWSSDK.S3 3.7.401 was resolved instead.
C:\Projetos\Capital\Constriva\backend\tests\Constriva.Tests\Constriva.Tests.csproj : warning NU1603: Constriva.Infrastructure depends on AWSSDK.S3 (>= 3.7.400.26) but AWSSDK.S3 3.7.400.26 was not found. AWSSDK.S3 3.7.401 was resolved instead.
  Constriva.Domain -> C:\Projetos\Capital\Constriva\backend\src\Constriva.Domain\bin\Debug\net8.0\Constriva.Domain.dll
  Constriva.Application -> C:\Projetos\Capital\Constriva\backend\src\Constriva.Application\bin\Debug\net8.0\Constriva.Application.dll
  Constriva.Infrastructure -> C:\Projetos\Capital\Constriva\backend\src\Constriva.Infrastructure\bin\Debug\net8.0\Constriva.Infrastructure.dll
C:\Program Files\dotnet\sdk\9.0.302\Microsoft.Common.CurrentVersion.targets(2434,5): warning MSB3277: foram encontrados conflitos entre diferentes vers├Áes do "Microsoft.EntityFrameworkCore.Relational" que n├úo puderam ser resolvidas. [C:\Projetos\Capital\Constriva\backend\tests\Constriva.Tests\Constriva.Tests.csproj]
C:\Program Files\dotnet\sdk\9.0.302\Microsoft.Common.CurrentVersion.targets(2434,5): warning MSB3277: H├í um conflito entre "Microsoft.EntityFrameworkCore.Relational, Version=8.0.8.0, Culture=neutral, PublicKeyToken=adb9793829ddae60" e "Microsoft.EntityFrameworkCore.Relational, Version=8.0.24.0, Culture=neutral, PublicKeyToken=adb9793829ddae60". [C:\Projetos\Capital\Constriva\backend\tests\Constriva.Tests\Constriva.Tests.csproj]
C:\Program Files\dotnet\sdk\9.0.302\Microsoft.Common.CurrentVersion.targets(2434,5): warning MSB3277:     "Microsoft.EntityFrameworkCore.Relational, Version=8.0.8.0, Culture=neutral, PublicKeyToken=adb9793829ddae60" foi escolhido porque era principal e "Microsoft.EntityFrameworkCore.Relational, Version=8.0.24.0, Culture=neutral, PublicKeyToken=adb9793829ddae60" n├úo era. [C:\Projetos\Capital\Constriva\backend\tests\Constriva.Tests\Constriva.Tests.csproj]
C:\Program Files\dotnet\sdk\9.0.302\Microsoft.Common.CurrentVersion.targets(2434,5): warning MSB3277:     As refer├¬ncias depender├úo de "Microsoft.EntityFrameworkCore.Relational, Version=8.0.8.0, Culture=neutral, PublicKeyToken=adb9793829ddae60" [C:\Users\Jos├® Diego\.nuget\packages\microsoft.entityframeworkcore.relational\8.0.8\lib\net8.0\Microsoft.EntityFrameworkCore.Relational.dll]. [C:\Projetos\Capital\Constriva\backend\tests\Constriva.Tests\Constriva.Tests.csproj]
C:\Program Files\dotnet\sdk\9.0.302\Microsoft.Common.CurrentVersion.targets(2434,5): warning MSB3277:         C:\Users\Jos├® Diego\.nuget\packages\microsoft.entityframeworkcore.relational\8.0.8\lib\net8.0\Microsoft.EntityFrameworkCore.Relational.dll [C:\Projetos\Capital\Constriva\backend\tests\Constriva.Tests\Constriva.Tests.csproj]
C:\Program Files\dotnet\sdk\9.0.302\Microsoft.Common.CurrentVersion.targets(2434,5): warning MSB3277:           Inclus├Áes de itens do arquivo de projeto que geraram a refer├¬ncia"C:\Users\Jos├® Diego\.nuget\packages\microsoft.entityframeworkcore.relational\8.0.8\lib\net8.0\Microsoft.EntityFrameworkCore.Relational.dll". [C:\Projetos\Capital\Constriva\backend\tests\Constriva.Tests\Constriva.Tests.csproj]
C:\Program Files\dotnet\sdk\9.0.302\Microsoft.Common.CurrentVersion.targets(2434,5): warning MSB3277:             C:\Users\Jos├® Diego\.nuget\packages\microsoft.entityframeworkcore.relational\8.0.8\lib\net8.0\Microsoft.EntityFrameworkCore.Relational.dll [C:\Projetos\Capital\Constriva\backend\tests\Constriva.Tests\Constriva.Tests.csproj]
C:\Program Files\dotnet\sdk\9.0.302\Microsoft.Common.CurrentVersion.targets(2434,5): warning MSB3277:     Refer├¬ncias que dependem de ou foram unificadas para "Microsoft.EntityFrameworkCore.Relational, Version=8.0.24.0, Culture=neutral, PublicKeyToken=adb9793829ddae60" []. [C:\Projetos\Capital\Constriva\backend\tests\Constriva.Tests\Constriva.Tests.csproj]
C:\Program Files\dotnet\sdk\9.0.302\Microsoft.Common.CurrentVersion.targets(2434,5): warning MSB3277:         C:\Projetos\Capital\Constriva\backend\src\Constriva.Infrastructure\bin\Debug\net8.0\Constriva.Infrastructure.dll [C:\Projetos\Capital\Constriva\backend\tests\Constriva.Tests\Constriva.Tests.csproj]
C:\Program Files\dotnet\sdk\9.0.302\Microsoft.Common.CurrentVersion.targets(2434,5): warning MSB3277:           Inclus├Áes de itens do arquivo de projeto que geraram a refer├¬ncia"C:\Projetos\Capital\Constriva\backend\src\Constriva.Infrastructure\bin\Debug\net8.0\Constriva.Infrastructure.dll". [C:\Projetos\Capital\Constriva\backend\tests\Constriva.Tests\Constriva.Tests.csproj]
C:\Program Files\dotnet\sdk\9.0.302\Microsoft.Common.CurrentVersion.targets(2434,5): warning MSB3277:             C:\Projetos\Capital\Constriva\backend\src\Constriva.Infrastructure\bin\Debug\net8.0\Constriva.Infrastructure.dll [C:\Projetos\Capital\Constriva\backend\tests\Constriva.Tests\Constriva.Tests.csproj]
  Constriva.Tests -> C:\Projetos\Capital\Constriva\backend\tests\Constriva.Tests\bin\Debug\net8.0\Constriva.Tests.dll
C:\Projetos\Capital\Constriva\backend\src\Constriva.API\Controllers\UsuariosController.cs(37,16): warning CS8619: A anulabilidade de tipos de refer├¬ncia no valor do tipo 'ActionResult<UsuarioDetalheDto>' n├úo corresponde ao tipo de destino 'ActionResult<UsuarioDetalheDto?>'. [C:\Projetos\Capital\Constriva\backend\src\Constriva.API\Constriva.API.csproj]
C:\Projetos\Capital\Constriva\backend\src\Constriva.API\Controllers\RelatoriosController.cs(32,12): warning CS8619: A anulabilidade de tipos de refer├¬ncia no valor do tipo 'ActionResult<KPIsObraDto>' n├úo corresponde ao tipo de destino 'ActionResult<KPIsObraDto?>'. [C:\Projetos\Capital\Constriva\backend\src\Constriva.API\Constriva.API.csproj]
C:\Projetos\Capital\Constriva\backend\src\Constriva.API\Controllers\SSTController.cs(33,100): warning CS8604: Poss├¡vel argumento de refer├¬ncia nula para o par├ómetro 'Local' em 'UpdateDDSCommand.UpdateDDSCommand(Guid Id, Guid EmpresaId, string Tema, string Local, DateTime DataRealizacao, int QuantidadeParticipantes, string? Observacoes)'. [C:\Projetos\Capital\Constriva\backend\src\Constriva.API\Constriva.API.csproj]
C:\Program Files\dotnet\sdk\9.0.302\Microsoft.Common.CurrentVersion.targets(5094,5): warning MSB3026: Could not copy "C:\Users\Jos├® Diego\.nuget\packages\microsoft.extensions.caching.stackexchangeredis\8.0.24\lib\net8.0\Microsoft.Extensions.Caching.StackExchangeRedis.dll" to "bin\Debug\net8.0\Microsoft.Extensions.Caching.StackExchangeRedis.dll". Beginning retry 1 in 1000ms. The process cannot access the file 'C:\Projetos\Capital\Constriva\backend\src\Constriva.API\bin\Debug\net8.0\Microsoft.Extensions.Caching.StackExchangeRedis.dll' because it is being used by another process. The file is locked by: "Constriva.API (114316)" [C:\Projetos\Capital\Constriva\backend\src\Constriva.API\Constriva.API.csproj]
C:\Program Files\dotnet\sdk\9.0.302\Microsoft.Common.CurrentVersion.targets(5094,5): warning MSB3026: Could not copy "C:\Projetos\Capital\Constriva\backend\src\Constriva.Domain\bin\Debug\net8.0\Constriva.Domain.dll" to "bin\Debug\net8.0\Constriva.Domain.dll". Beginning retry 1 in 1000ms. The process cannot access the file 'C:\Projetos\Capital\Constriva\backend\src\Constriva.API\bin\Debug\net8.0\Constriva.Domain.dll' because it is being used by another process. The file is locked by: "Constriva.API (114316)" [C:\Projetos\Capital\Constriva\backend\src\Constriva.API\Constriva.API.csproj]
C:\Program Files\dotnet\sdk\9.0.302\Microsoft.Common.CurrentVersion.targets(5094,5): warning MSB3026: Could not copy "C:\Projetos\Capital\Constriva\backend\src\Constriva.Infrastructure\bin\Debug\net8.0\Constriva.Infrastructure.dll" to "bin\Debug\net8.0\Constriva.Infrastructure.dll". Beginning retry 1 in 1000ms. The process cannot access the file 'C:\Projetos\Capital\Constriva\backend\src\Constriva.API\bin\Debug\net8.0\Constriva.Infrastructure.dll' because it is being used by another process. The file is locked by: "Constriva.API (114316)" [C:\Projetos\Capital\Constriva\backend\src\Constriva.API\Constriva.API.csproj]
C:\Program Files\dotnet\sdk\9.0.302\Microsoft.Common.CurrentVersion.targets(5094,5): warning MSB3026: Could not copy "C:\Projetos\Capital\Constriva\backend\src\Constriva.Application\bin\Debug\net8.0\Constriva.Application.dll" to "bin\Debug\net8.0\Constriva.Application.dll". Beginning retry 1 in 1000ms. The process cannot access the file 'C:\Projetos\Capital\Constriva\backend\src\Constriva.API\bin\Debug\net8.0\Constriva.Application.dll' because it is being used by another process. The file is locked by: "Constriva.API (114316)" [C:\Projetos\Capital\Constriva\backend\src\Constriva.API\Constriva.API.csproj]
C:\Program Files\dotnet\sdk\9.0.302\Microsoft.Common.CurrentVersion.targets(5094,5): warning MSB3026: Could not copy "C:\Users\Jos├® Diego\.nuget\packages\microsoft.extensions.caching.stackexchangeredis\8.0.24\lib\net8.0\Microsoft.Extensions.Caching.StackExchangeRedis.dll" to "bin\Debug\net8.0\Microsoft.Extensions.Caching.StackExchangeRedis.dll". Beginning retry 2 in 1000ms. The process cannot access the file 'C:\Projetos\Capital\Constriva\backend\src\Constriva.API\bin\Debug\net8.0\Microsoft.Extensions.Caching.StackExchangeRedis.dll' because it is being used by another process. The file is locked by: "Constriva.API (114316)" [C:\Projetos\Capital\Constriva\backend\src\Constriva.API\Constriva.API.csproj]
C:\Program Files\dotnet\sdk\9.0.302\Microsoft.Common.CurrentVersion.targets(5094,5): warning MSB3026: Could not copy "C:\Projetos\Capital\Constriva\backend\src\Constriva.Domain\bin\Debug\net8.0\Constriva.Domain.dll" to "bin\Debug\net8.0\Constriva.Domain.dll". Beginning retry 2 in 1000ms. The process cannot access the file 'C:\Projetos\Capital\Constriva\backend\src\Constriva.API\bin\Debug\net8.0\Constriva.Domain.dll' because it is being used by another process. The file is locked by: "Constriva.API (114316)" [C:\Projetos\Capital\Constriva\backend\src\Constriva.API\Constriva.API.csproj]
C:\Program Files\dotnet\sdk\9.0.302\Microsoft.Common.CurrentVersion.targets(5094,5): warning MSB3026: Could not copy "C:\Projetos\Capital\Constriva\backend\src\Constriva.Infrastructure\bin\Debug\net8.0\Constriva.Infrastructure.dll" to "bin\Debug\net8.0\Constriva.Infrastructure.dll". Beginning retry 2 in 1000ms. The process cannot access the file 'C:\Projetos\Capital\Constriva\backend\src\Constriva.API\bin\Debug\net8.0\Constriva.Infrastructure.dll' because it is being used by another process. The file is locked by: "Constriva.API (114316)" [C:\Projetos\Capital\Constriva\backend\src\Constriva.API\Constriva.API.csproj]
C:\Program Files\dotnet\sdk\9.0.302\Microsoft.Common.CurrentVersion.targets(5094,5): warning MSB3026: Could not copy "C:\Projetos\Capital\Constriva\backend\src\Constriva.Application\bin\Debug\net8.0\Constriva.Application.dll" to "bin\Debug\net8.0\Constriva.Application.dll". Beginning retry 2 in 1000ms. The process cannot access the file 'C:\Projetos\Capital\Constriva\backend\src\Constriva.API\bin\Debug\net8.0\Constriva.Application.dll' because it is being used by another process. The file is locked by: "Constriva.API (114316)" [C:\Projetos\Capital\Constriva\backend\src\Constriva.API\Constriva.API.csproj]
C:\Program Files\dotnet\sdk\9.0.302\Microsoft.Common.CurrentVersion.targets(5094,5): warning MSB3026: Could not copy "C:\Users\Jos├® Diego\.nuget\packages\microsoft.extensions.caching.stackexchangeredis\8.0.24\lib\net8.0\Microsoft.Extensions.Caching.StackExchangeRedis.dll" to "bin\Debug\net8.0\Microsoft.Extensions.Caching.StackExchangeRedis.dll". Beginning retry 3 in 1000ms. The process cannot access the file 'C:\Projetos\Capital\Constriva\backend\src\Constriva.API\bin\Debug\net8.0\Microsoft.Extensions.Caching.StackExchangeRedis.dll' because it is being used by another process. The file is locked by: "Constriva.API (114316)" [C:\Projetos\Capital\Constriva\backend\src\Constriva.API\Constriva.API.csproj]
C:\Program Files\dotnet\sdk\9.0.302\Microsoft.Common.CurrentVersion.targets(5094,5): warning MSB3026: Could not copy "C:\Projetos\Capital\Constriva\backend\src\Constriva.Domain\bin\Debug\net8.0\Constriva.Domain.dll" to "bin\Debug\net8.0\Constriva.Domain.dll". Beginning retry 3 in 1000ms. The process cannot access the file 'C:\Projetos\Capital\Constriva\backend\src\Constriva.API\bin\Debug\net8.0\Constriva.Domain.dll' because it is being used by another process. The file is locked by: "Constriva.API (114316)" [C:\Projetos\Capital\Constriva\backend\src\Constriva.API\Constriva.API.csproj]
C:\Program Files\dotnet\sdk\9.0.302\Microsoft.Common.CurrentVersion.targets(5094,5): warning MSB3026: Could not copy "C:\Projetos\Capital\Constriva\backend\src\Constriva.Infrastructure\bin\Debug\net8.0\Constriva.Infrastructure.dll" to "bin\Debug\net8.0\Constriva.Infrastructure.dll". Beginning retry 3 in 1000ms. The process cannot access the file 'C:\Projetos\Capital\Constriva\backend\src\Constriva.API\bin\Debug\net8.0\Constriva.Infrastructure.dll' because it is being used by another process. The file is locked by: "Constriva.API (114316)" [C:\Projetos\Capital\Constriva\backend\src\Constriva.API\Constriva.API.csproj]
C:\Program Files\dotnet\sdk\9.0.302\Microsoft.Common.CurrentVersion.targets(5094,5): warning MSB3026: Could not copy "C:\Projetos\Capital\Constriva\backend\src\Constriva.Application\bin\Debug\net8.0\Constriva.Application.dll" to "bin\Debug\net8.0\Constriva.Application.dll". Beginning retry 3 in 1000ms. The process cannot access the file 'C:\Projetos\Capital\Constriva\backend\src\Constriva.API\bin\Debug\net8.0\Constriva.Application.dll' because it is being used by another process. The file is locked by: "Constriva.API (114316)" [C:\Projetos\Capital\Constriva\backend\src\Constriva.API\Constriva.API.csproj]
C:\Program Files\dotnet\sdk\9.0.302\Microsoft.Common.CurrentVersion.targets(5094,5): warning MSB3026: Could not copy "C:\Users\Jos├® Diego\.nuget\packages\microsoft.extensions.caching.stackexchangeredis\8.0.24\lib\net8.0\Microsoft.Extensions.Caching.StackExchangeRedis.dll" to "bin\Debug\net8.0\Microsoft.Extensions.Caching.StackExchangeRedis.dll". Beginning retry 4 in 1000ms. The process cannot access the file 'C:\Projetos\Capital\Constriva\backend\src\Constriva.API\bin\Debug\net8.0\Microsoft.Extensions.Caching.StackExchangeRedis.dll' because it is being used by another process. The file is locked by: "Constriva.API (114316)" [C:\Projetos\Capital\Constriva\backend\src\Constriva.API\Constriva.API.csproj]
C:\Program Files\dotnet\sdk\9.0.302\Microsoft.Common.CurrentVersion.targets(5094,5): warning MSB3026: Could not copy "C:\Projetos\Capital\Constriva\backend\src\Constriva.Domain\bin\Debug\net8.0\Constriva.Domain.dll" to "bin\Debug\net8.0\Constriva.Domain.dll". Beginning retry 4 in 1000ms. The process cannot access the file 'C:\Projetos\Capital\Constriva\backend\src\Constriva.API\bin\Debug\net8.0\Constriva.Domain.dll' because it is being used by another process. The file is locked by: "Constriva.API (114316)" [C:\Projetos\Capital\Constriva\backend\src\Constriva.API\Constriva.API.csproj]
C:\Program Files\dotnet\sdk\9.0.302\Microsoft.Common.CurrentVersion.targets(5094,5): warning MSB3026: Could not copy "C:\Projetos\Capital\Constriva\backend\src\Constriva.Infrastructure\bin\Debug\net8.0\Constriva.Infrastructure.dll" to "bin\Debug\net8.0\Constriva.Infrastructure.dll". Beginning retry 4 in 1000ms. The process cannot access the file 'C:\Projetos\Capital\Constriva\backend\src\Constriva.API\bin\Debug\net8.0\Constriva.Infrastructure.dll' because it is being used by another process. The file is locked by: "Constriva.API (114316)" [C:\Projetos\Capital\Constriva\backend\src\Constriva.API\Constriva.API.csproj]
C:\Program Files\dotnet\sdk\9.0.302\Microsoft.Common.CurrentVersion.targets(5094,5): warning MSB3026: Could not copy "C:\Projetos\Capital\Constriva\backend\src\Constriva.Application\bin\Debug\net8.0\Constriva.Application.dll" to "bin\Debug\net8.0\Constriva.Application.dll". Beginning retry 4 in 1000ms. The process cannot access the file 'C:\Projetos\Capital\Constriva\backend\src\Constriva.API\bin\Debug\net8.0\Constriva.Application.dll' because it is being used by another process. The file is locked by: "Constriva.API (114316)" [C:\Projetos\Capital\Constriva\backend\src\Constriva.API\Constriva.API.csproj]
C:\Program Files\dotnet\sdk\9.0.302\Microsoft.Common.CurrentVersion.targets(5094,5): warning MSB3026: Could not copy "C:\Users\Jos├® Diego\.nuget\packages\microsoft.extensions.caching.stackexchangeredis\8.0.24\lib\net8.0\Microsoft.Extensions.Caching.StackExchangeRedis.dll" to "bin\Debug\net8.0\Microsoft.Extensions.Caching.StackExchangeRedis.dll". Beginning retry 5 in 1000ms. The process cannot access the file 'C:\Projetos\Capital\Constriva\backend\src\Constriva.API\bin\Debug\net8.0\Microsoft.Extensions.Caching.StackExchangeRedis.dll' because it is being used by another process. The file is locked by: "Constriva.API (114316)" [C:\Projetos\Capital\Constriva\backend\src\Constriva.API\Constriva.API.csproj]
C:\Program Files\dotnet\sdk\9.0.302\Microsoft.Common.CurrentVersion.targets(5094,5): warning MSB3026: Could not copy "C:\Projetos\Capital\Constriva\backend\src\Constriva.Domain\bin\Debug\net8.0\Constriva.Domain.dll" to "bin\Debug\net8.0\Constriva.Domain.dll". Beginning retry 5 in 1000ms. The process cannot access the file 'C:\Projetos\Capital\Constriva\backend\src\Constriva.API\bin\Debug\net8.0\Constriva.Domain.dll' because it is being used by another process. The file is locked by: "Constriva.API (114316)" [C:\Projetos\Capital\Constriva\backend\src\Constriva.API\Constriva.API.csproj]
C:\Program Files\dotnet\sdk\9.0.302\Microsoft.Common.CurrentVersion.targets(5094,5): warning MSB3026: Could not copy "C:\Projetos\Capital\Constriva\backend\src\Constriva.Infrastructure\bin\Debug\net8.0\Constriva.Infrastructure.dll" to "bin\Debug\net8.0\Constriva.Infrastructure.dll". Beginning retry 5 in 1000ms. The process cannot access the file 'C:\Projetos\Capital\Constriva\backend\src\Constriva.API\bin\Debug\net8.0\Constriva.Infrastructure.dll' because it is being used by another process. The file is locked by: "Constriva.API (114316)" [C:\Projetos\Capital\Constriva\backend\src\Constriva.API\Constriva.API.csproj]
C:\Program Files\dotnet\sdk\9.0.302\Microsoft.Common.CurrentVersion.targets(5094,5): warning MSB3026: Could not copy "C:\Projetos\Capital\Constriva\backend\src\Constriva.Application\bin\Debug\net8.0\Constriva.Application.dll" to "bin\Debug\net8.0\Constriva.Application.dll". Beginning retry 5 in 1000ms. The process cannot access the file 'C:\Projetos\Capital\Constriva\backend\src\Constriva.API\bin\Debug\net8.0\Constriva.Application.dll' because it is being used by another process. The file is locked by: "Constriva.API (114316)" [C:\Projetos\Capital\Constriva\backend\src\Constriva.API\Constriva.API.csproj]
C:\Program Files\dotnet\sdk\9.0.302\Microsoft.Common.CurrentVersion.targets(5094,5): warning MSB3026: Could not copy "C:\Users\Jos├® Diego\.nuget\packages\microsoft.extensions.caching.stackexchangeredis\8.0.24\lib\net8.0\Microsoft.Extensions.Caching.StackExchangeRedis.dll" to "bin\Debug\net8.0\Microsoft.Extensions.Caching.StackExchangeRedis.dll". Beginning retry 6 in 1000ms. The process cannot access the file 'C:\Projetos\Capital\Constriva\backend\src\Constriva.API\bin\Debug\net8.0\Microsoft.Extensions.Caching.StackExchangeRedis.dll' because it is being used by another process. The file is locked by: "Constriva.API (114316)" [C:\Projetos\Capital\Constriva\backend\src\Constriva.API\Constriva.API.csproj]
C:\Program Files\dotnet\sdk\9.0.302\Microsoft.Common.CurrentVersion.targets(5094,5): warning MSB3026: Could not copy "C:\Projetos\Capital\Constriva\backend\src\Constriva.Domain\bin\Debug\net8.0\Constriva.Domain.dll" to "bin\Debug\net8.0\Constriva.Domain.dll". Beginning retry 6 in 1000ms. The process cannot access the file 'C:\Projetos\Capital\Constriva\backend\src\Constriva.API\bin\Debug\net8.0\Constriva.Domain.dll' because it is being used by another process. The file is locked by: "Constriva.API (114316)" [C:\Projetos\Capital\Constriva\backend\src\Constriva.API\Constriva.API.csproj]
C:\Program Files\dotnet\sdk\9.0.302\Microsoft.Common.CurrentVersion.targets(5094,5): warning MSB3026: Could not copy "C:\Projetos\Capital\Constriva\backend\src\Constriva.Infrastructure\bin\Debug\net8.0\Constriva.Infrastructure.dll" to "bin\Debug\net8.0\Constriva.Infrastructure.dll". Beginning retry 6 in 1000ms. The process cannot access the file 'C:\Projetos\Capital\Constriva\backend\src\Constriva.API\bin\Debug\net8.0\Constriva.Infrastructure.dll' because it is being used by another process. The file is locked by: "Constriva.API (114316)" [C:\Projetos\Capital\Constriva\backend\src\Constriva.API\Constriva.API.csproj]
C:\Program Files\dotnet\sdk\9.0.302\Microsoft.Common.CurrentVersion.targets(5094,5): warning MSB3026: Could not copy "C:\Projetos\Capital\Constriva\backend\src\Constriva.Application\bin\Debug\net8.0\Constriva.Application.dll" to "bin\Debug\net8.0\Constriva.Application.dll". Beginning retry 6 in 1000ms. The process cannot access the file 'C:\Projetos\Capital\Constriva\backend\src\Constriva.API\bin\Debug\net8.0\Constriva.Application.dll' because it is being used by another process. The file is locked by: "Constriva.API (114316)" [C:\Projetos\Capital\Constriva\backend\src\Constriva.API\Constriva.API.csproj]
C:\Program Files\dotnet\sdk\9.0.302\Microsoft.Common.CurrentVersion.targets(5094,5): warning MSB3026: Could not copy "C:\Users\Jos├® Diego\.nuget\packages\microsoft.extensions.caching.stackexchangeredis\8.0.24\lib\net8.0\Microsoft.Extensions.Caching.StackExchangeRedis.dll" to "bin\Debug\net8.0\Microsoft.Extensions.Caching.StackExchangeRedis.dll". Beginning retry 7 in 1000ms. The process cannot access the file 'C:\Projetos\Capital\Constriva\backend\src\Constriva.API\bin\Debug\net8.0\Microsoft.Extensions.Caching.StackExchangeRedis.dll' because it is being used by another process. The file is locked by: "Constriva.API (114316)" [C:\Projetos\Capital\Constriva\backend\src\Constriva.API\Constriva.API.csproj]
C:\Program Files\dotnet\sdk\9.0.302\Microsoft.Common.CurrentVersion.targets(5094,5): warning MSB3026: Could not copy "C:\Projetos\Capital\Constriva\backend\src\Constriva.Domain\bin\Debug\net8.0\Constriva.Domain.dll" to "bin\Debug\net8.0\Constriva.Domain.dll". Beginning retry 7 in 1000ms. The process cannot access the file 'C:\Projetos\Capital\Constriva\backend\src\Constriva.API\bin\Debug\net8.0\Constriva.Domain.dll' because it is being used by another process. The file is locked by: "Constriva.API (114316)" [C:\Projetos\Capital\Constriva\backend\src\Constriva.API\Constriva.API.csproj]
C:\Program Files\dotnet\sdk\9.0.302\Microsoft.Common.CurrentVersion.targets(5094,5): warning MSB3026: Could not copy "C:\Projetos\Capital\Constriva\backend\src\Constriva.Infrastructure\bin\Debug\net8.0\Constriva.Infrastructure.dll" to "bin\Debug\net8.0\Constriva.Infrastructure.dll". Beginning retry 7 in 1000ms. The process cannot access the file 'C:\Projetos\Capital\Constriva\backend\src\Constriva.API\bin\Debug\net8.0\Constriva.Infrastructure.dll' because it is being used by another process. The file is locked by: "Constriva.API (114316)" [C:\Projetos\Capital\Constriva\backend\src\Constriva.API\Constriva.API.csproj]
C:\Program Files\dotnet\sdk\9.0.302\Microsoft.Common.CurrentVersion.targets(5094,5): warning MSB3026: Could not copy "C:\Projetos\Capital\Constriva\backend\src\Constriva.Application\bin\Debug\net8.0\Constriva.Application.dll" to "bin\Debug\net8.0\Constriva.Application.dll". Beginning retry 7 in 1000ms. The process cannot access the file 'C:\Projetos\Capital\Constriva\backend\src\Constriva.API\bin\Debug\net8.0\Constriva.Application.dll' because it is being used by another process. The file is locked by: "Constriva.API (114316)" [C:\Projetos\Capital\Constriva\backend\src\Constriva.API\Constriva.API.csproj]
C:\Program Files\dotnet\sdk\9.0.302\Microsoft.Common.CurrentVersion.targets(5094,5): warning MSB3026: Could not copy "C:\Users\Jos├® Diego\.nuget\packages\microsoft.extensions.caching.stackexchangeredis\8.0.24\lib\net8.0\Microsoft.Extensions.Caching.StackExchangeRedis.dll" to "bin\Debug\net8.0\Microsoft.Extensions.Caching.StackExchangeRedis.dll". Beginning retry 8 in 1000ms. The process cannot access the file 'C:\Projetos\Capital\Constriva\backend\src\Constriva.API\bin\Debug\net8.0\Microsoft.Extensions.Caching.StackExchangeRedis.dll' because it is being used by another process. The file is locked by: "Constriva.API (114316)" [C:\Projetos\Capital\Constriva\backend\src\Constriva.API\Constriva.API.csproj]
C:\Program Files\dotnet\sdk\9.0.302\Microsoft.Common.CurrentVersion.targets(5094,5): warning MSB3026: Could not copy "C:\Projetos\Capital\Constriva\backend\src\Constriva.Domain\bin\Debug\net8.0\Constriva.Domain.dll" to "bin\Debug\net8.0\Constriva.Domain.dll". Beginning retry 8 in 1000ms. The process cannot access the file 'C:\Projetos\Capital\Constriva\backend\src\Constriva.API\bin\Debug\net8.0\Constriva.Domain.dll' because it is being used by another process. The file is locked by: "Constriva.API (114316)" [C:\Projetos\Capital\Constriva\backend\src\Constriva.API\Constriva.API.csproj]
C:\Program Files\dotnet\sdk\9.0.302\Microsoft.Common.CurrentVersion.targets(5094,5): warning MSB3026: Could not copy "C:\Projetos\Capital\Constriva\backend\src\Constriva.Infrastructure\bin\Debug\net8.0\Constriva.Infrastructure.dll" to "bin\Debug\net8.0\Constriva.Infrastructure.dll". Beginning retry 8 in 1000ms. The process cannot access the file 'C:\Projetos\Capital\Constriva\backend\src\Constriva.API\bin\Debug\net8.0\Constriva.Infrastructure.dll' because it is being used by another process. The file is locked by: "Constriva.API (114316)" [C:\Projetos\Capital\Constriva\backend\src\Constriva.API\Constriva.API.csproj]
C:\Program Files\dotnet\sdk\9.0.302\Microsoft.Common.CurrentVersion.targets(5094,5): warning MSB3026: Could not copy "C:\Projetos\Capital\Constriva\backend\src\Constriva.Application\bin\Debug\net8.0\Constriva.Application.dll" to "bin\Debug\net8.0\Constriva.Application.dll". Beginning retry 8 in 1000ms. The process cannot access the file 'C:\Projetos\Capital\Constriva\backend\src\Constriva.API\bin\Debug\net8.0\Constriva.Application.dll' because it is being used by another process. The file is locked by: "Constriva.API (114316)" [C:\Projetos\Capital\Constriva\backend\src\Constriva.API\Constriva.API.csproj]
C:\Program Files\dotnet\sdk\9.0.302\Microsoft.Common.CurrentVersion.targets(5094,5): warning MSB3026: Could not copy "C:\Users\Jos├® Diego\.nuget\packages\microsoft.extensions.caching.stackexchangeredis\8.0.24\lib\net8.0\Microsoft.Extensions.Caching.StackExchangeRedis.dll" to "bin\Debug\net8.0\Microsoft.Extensions.Caching.StackExchangeRedis.dll". Beginning retry 9 in 1000ms. The process cannot access the file 'C:\Projetos\Capital\Constriva\backend\src\Constriva.API\bin\Debug\net8.0\Microsoft.Extensions.Caching.StackExchangeRedis.dll' because it is being used by another process. The file is locked by: "Constriva.API (114316)" [C:\Projetos\Capital\Constriva\backend\src\Constriva.API\Constriva.API.csproj]
C:\Program Files\dotnet\sdk\9.0.302\Microsoft.Common.CurrentVersion.targets(5094,5): warning MSB3026: Could not copy "C:\Projetos\Capital\Constriva\backend\src\Constriva.Domain\bin\Debug\net8.0\Constriva.Domain.dll" to "bin\Debug\net8.0\Constriva.Domain.dll". Beginning retry 9 in 1000ms. The process cannot access the file 'C:\Projetos\Capital\Constriva\backend\src\Constriva.API\bin\Debug\net8.0\Constriva.Domain.dll' because it is being used by another process. The file is locked by: "Constriva.API (114316)" [C:\Projetos\Capital\Constriva\backend\src\Constriva.API\Constriva.API.csproj]
C:\Program Files\dotnet\sdk\9.0.302\Microsoft.Common.CurrentVersion.targets(5094,5): warning MSB3026: Could not copy "C:\Projetos\Capital\Constriva\backend\src\Constriva.Infrastructure\bin\Debug\net8.0\Constriva.Infrastructure.dll" to "bin\Debug\net8.0\Constriva.Infrastructure.dll". Beginning retry 9 in 1000ms. The process cannot access the file 'C:\Projetos\Capital\Constriva\backend\src\Constriva.API\bin\Debug\net8.0\Constriva.Infrastructure.dll' because it is being used by another process. The file is locked by: "Constriva.API (114316)" [C:\Projetos\Capital\Constriva\backend\src\Constriva.API\Constriva.API.csproj]
C:\Program Files\dotnet\sdk\9.0.302\Microsoft.Common.CurrentVersion.targets(5094,5): warning MSB3026: Could not copy "C:\Projetos\Capital\Constriva\backend\src\Constriva.Application\bin\Debug\net8.0\Constriva.Application.dll" to "bin\Debug\net8.0\Constriva.Application.dll". Beginning retry 9 in 1000ms. The process cannot access the file 'C:\Projetos\Capital\Constriva\backend\src\Constriva.API\bin\Debug\net8.0\Constriva.Application.dll' because it is being used by another process. The file is locked by: "Constriva.API (114316)" [C:\Projetos\Capital\Constriva\backend\src\Constriva.API\Constriva.API.csproj]
C:\Program Files\dotnet\sdk\9.0.302\Microsoft.Common.CurrentVersion.targets(5094,5): warning MSB3026: Could not copy "C:\Users\Jos├® Diego\.nuget\packages\microsoft.extensions.caching.stackexchangeredis\8.0.24\lib\net8.0\Microsoft.Extensions.Caching.StackExchangeRedis.dll" to "bin\Debug\net8.0\Microsoft.Extensions.Caching.StackExchangeRedis.dll". Beginning retry 10 in 1000ms. The process cannot access the file 'C:\Projetos\Capital\Constriva\backend\src\Constriva.API\bin\Debug\net8.0\Microsoft.Extensions.Caching.StackExchangeRedis.dll' because it is being used by another process. The file is locked by: "Constriva.API (114316)" [C:\Projetos\Capital\Constriva\backend\src\Constriva.API\Constriva.API.csproj]
C:\Program Files\dotnet\sdk\9.0.302\Microsoft.Common.CurrentVersion.targets(5094,5): warning MSB3026: Could not copy "C:\Projetos\Capital\Constriva\backend\src\Constriva.Domain\bin\Debug\net8.0\Constriva.Domain.dll" to "bin\Debug\net8.0\Constriva.Domain.dll". Beginning retry 10 in 1000ms. The process cannot access the file 'C:\Projetos\Capital\Constriva\backend\src\Constriva.API\bin\Debug\net8.0\Constriva.Domain.dll' because it is being used by another process. The file is locked by: "Constriva.API (114316)" [C:\Projetos\Capital\Constriva\backend\src\Constriva.API\Constriva.API.csproj]
C:\Program Files\dotnet\sdk\9.0.302\Microsoft.Common.CurrentVersion.targets(5094,5): warning MSB3026: Could not copy "C:\Projetos\Capital\Constriva\backend\src\Constriva.Infrastructure\bin\Debug\net8.0\Constriva.Infrastructure.dll" to "bin\Debug\net8.0\Constriva.Infrastructure.dll". Beginning retry 10 in 1000ms. The process cannot access the file 'C:\Projetos\Capital\Constriva\backend\src\Constriva.API\bin\Debug\net8.0\Constriva.Infrastructure.dll' because it is being used by another process. The file is locked by: "Constriva.API (114316)" [C:\Projetos\Capital\Constriva\backend\src\Constriva.API\Constriva.API.csproj]
C:\Program Files\dotnet\sdk\9.0.302\Microsoft.Common.CurrentVersion.targets(5094,5): warning MSB3026: Could not copy "C:\Projetos\Capital\Constriva\backend\src\Constriva.Application\bin\Debug\net8.0\Constriva.Application.dll" to "bin\Debug\net8.0\Constriva.Application.dll". Beginning retry 10 in 1000ms. The process cannot access the file 'C:\Projetos\Capital\Constriva\backend\src\Constriva.API\bin\Debug\net8.0\Constriva.Application.dll' because it is being used by another process. The file is locked by: "Constriva.API (114316)" [C:\Projetos\Capital\Constriva\backend\src\Constriva.API\Constriva.API.csproj]
C:\Program Files\dotnet\sdk\9.0.302\Microsoft.Common.CurrentVersion.targets(5094,5): error MSB3027: Could not copy "C:\Users\Jos├® Diego\.nuget\packages\microsoft.extensions.caching.stackexchangeredis\8.0.24\lib\net8.0\Microsoft.Extensions.Caching.StackExchangeRedis.dll" to "bin\Debug\net8.0\Microsoft.Extensions.Caching.StackExchangeRedis.dll". Exceeded retry count of 10. Failed. The file is locked by: "Constriva.API (114316)" [C:\Projetos\Capital\Constriva\backend\src\Constriva.API\Constriva.API.csproj]
C:\Program Files\dotnet\sdk\9.0.302\Microsoft.Common.CurrentVersion.targets(5094,5): error MSB3021: Unable to copy file "C:\Users\Jos├® Diego\.nuget\packages\microsoft.extensions.caching.stackexchangeredis\8.0.24\lib\net8.0\Microsoft.Extensions.Caching.StackExchangeRedis.dll" to "bin\Debug\net8.0\Microsoft.Extensions.Caching.StackExchangeRedis.dll". The process cannot access the file 'C:\Projetos\Capital\Constriva\backend\src\Constriva.API\bin\Debug\net8.0\Microsoft.Extensions.Caching.StackExchangeRedis.dll' because it is being used by another process. [C:\Projetos\Capital\Constriva\backend\src\Constriva.API\Constriva.API.csproj]
C:\Program Files\dotnet\sdk\9.0.302\Microsoft.Common.CurrentVersion.targets(5094,5): error MSB3027: Could not copy "C:\Projetos\Capital\Constriva\backend\src\Constriva.Domain\bin\Debug\net8.0\Constriva.Domain.dll" to "bin\Debug\net8.0\Constriva.Domain.dll". Exceeded retry count of 10. Failed. The file is locked by: "Constriva.API (114316)" [C:\Projetos\Capital\Constriva\backend\src\Constriva.API\Constriva.API.csproj]
C:\Program Files\dotnet\sdk\9.0.302\Microsoft.Common.CurrentVersion.targets(5094,5): error MSB3021: Unable to copy file "C:\Projetos\Capital\Constriva\backend\src\Constriva.Domain\bin\Debug\net8.0\Constriva.Domain.dll" to "bin\Debug\net8.0\Constriva.Domain.dll". The process cannot access the file 'C:\Projetos\Capital\Constriva\backend\src\Constriva.API\bin\Debug\net8.0\Constriva.Domain.dll' because it is being used by another process. [C:\Projetos\Capital\Constriva\backend\src\Constriva.API\Constriva.API.csproj]
C:\Program Files\dotnet\sdk\9.0.302\Microsoft.Common.CurrentVersion.targets(5094,5): error MSB3027: Could not copy "C:\Projetos\Capital\Constriva\backend\src\Constriva.Infrastructure\bin\Debug\net8.0\Constriva.Infrastructure.dll" to "bin\Debug\net8.0\Constriva.Infrastructure.dll". Exceeded retry count of 10. Failed. The file is locked by: "Constriva.API (114316)" [C:\Projetos\Capital\Constriva\backend\src\Constriva.API\Constriva.API.csproj]
C:\Program Files\dotnet\sdk\9.0.302\Microsoft.Common.CurrentVersion.targets(5094,5): error MSB3021: Unable to copy file "C:\Projetos\Capital\Constriva\backend\src\Constriva.Infrastructure\bin\Debug\net8.0\Constriva.Infrastructure.dll" to "bin\Debug\net8.0\Constriva.Infrastructure.dll". The process cannot access the file 'C:\Projetos\Capital\Constriva\backend\src\Constriva.API\bin\Debug\net8.0\Constriva.Infrastructure.dll' because it is being used by another process. [C:\Projetos\Capital\Constriva\backend\src\Constriva.API\Constriva.API.csproj]
C:\Program Files\dotnet\sdk\9.0.302\Microsoft.Common.CurrentVersion.targets(5094,5): error MSB3027: Could not copy "C:\Projetos\Capital\Constriva\backend\src\Constriva.Application\bin\Debug\net8.0\Constriva.Application.dll" to "bin\Debug\net8.0\Constriva.Application.dll". Exceeded retry count of 10. Failed. The file is locked by: "Constriva.API (114316)" [C:\Projetos\Capital\Constriva\backend\src\Constriva.API\Constriva.API.csproj]
C:\Program Files\dotnet\sdk\9.0.302\Microsoft.Common.CurrentVersion.targets(5094,5): error MSB3021: Unable to copy file "C:\Projetos\Capital\Constriva\backend\src\Constriva.Application\bin\Debug\net8.0\Constriva.Application.dll" to "bin\Debug\net8.0\Constriva.Application.dll". The process cannot access the file 'C:\Projetos\Capital\Constriva\backend\src\Constriva.API\bin\Debug\net8.0\Constriva.Application.dll' because it is being used by another process. [C:\Projetos\Capital\Constriva\backend\src\Constriva.API\Constriva.API.csproj]

FALHA da compila├º├úo.

C:\Projetos\Capital\Constriva\backend\src\Constriva.API\Constriva.API.csproj : warning NU1603: Constriva.Infrastructure depends on AWSSDK.S3 (>= 3.7.400.26) but AWSSDK.S3 3.7.400.26 was not found. AWSSDK.S3 3.7.401 was resolved instead. [C:\Projetos\Capital\Constriva\backend\Constriva.sln]
C:\Projetos\Capital\Constriva\backend\src\Constriva.Infrastructure\Constriva.Infrastructure.csproj : warning NU1603: Constriva.Infrastructure depends on AWSSDK.S3 (>= 3.7.400.26) but AWSSDK.S3 3.7.400.26 was not found. AWSSDK.S3 3.7.401 was resolved instead. [C:\Projetos\Capital\Constriva\backend\Constriva.sln]
C:\Projetos\Capital\Constriva\backend\tests\Constriva.Tests\Constriva.Tests.csproj : warning NU1603: Constriva.Infrastructure depends on AWSSDK.S3 (>= 3.7.400.26) but AWSSDK.S3 3.7.400.26 was not found. AWSSDK.S3 3.7.401 was resolved instead. [C:\Projetos\Capital\Constriva\backend\Constriva.sln]
C:\Projetos\Capital\Constriva\backend\src\Constriva.Infrastructure\Constriva.Infrastructure.csproj : warning NU1902: Package 'MimeKit' 4.7.1 has a known moderate severity vulnerability, https://github.com/advisories/GHSA-g7hc-96xr-gvvx [C:\Projetos\Capital\Constriva\backend\Constriva.sln]
C:\Projetos\Capital\Constriva\backend\src\Constriva.Infrastructure\Constriva.Infrastructure.csproj : warning NU1603: Constriva.Infrastructure depends on AWSSDK.S3 (>= 3.7.400.26) but AWSSDK.S3 3.7.400.26 was not found. AWSSDK.S3 3.7.401 was resolved instead.
C:\Projetos\Capital\Constriva\backend\src\Constriva.Infrastructure\Constriva.Infrastructure.csproj : warning NU1902: Package 'MimeKit' 4.7.1 has a known moderate severity vulnerability, https://github.com/advisories/GHSA-g7hc-96xr-gvvx
C:\Projetos\Capital\Constriva\backend\src\Constriva.API\Constriva.API.csproj : warning NU1603: Constriva.Infrastructure depends on AWSSDK.S3 (>= 3.7.400.26) but AWSSDK.S3 3.7.400.26 was not found. AWSSDK.S3 3.7.401 was resolved instead.
C:\Projetos\Capital\Constriva\backend\tests\Constriva.Tests\Constriva.Tests.csproj : warning NU1603: Constriva.Infrastructure depends on AWSSDK.S3 (>= 3.7.400.26) but AWSSDK.S3 3.7.400.26 was not found. AWSSDK.S3 3.7.401 was resolved instead.
C:\Program Files\dotnet\sdk\9.0.302\Microsoft.Common.CurrentVersion.targets(2434,5): warning MSB3277: foram encontrados conflitos entre diferentes vers├Áes do "Microsoft.EntityFrameworkCore.Relational" que n├úo puderam ser resolvidas. [C:\Projetos\Capital\Constriva\backend\tests\Constriva.Tests\Constriva.Tests.csproj]
C:\Program Files\dotnet\sdk\9.0.302\Microsoft.Common.CurrentVersion.targets(2434,5): warning MSB3277: H├í um conflito entre "Microsoft.EntityFrameworkCore.Relational, Version=8.0.8.0, Culture=neutral, PublicKeyToken=adb9793829ddae60" e "Microsoft.EntityFrameworkCore.Relational, Version=8.0.24.0, Culture=neutral, PublicKeyToken=adb9793829ddae60". [C:\Projetos\Capital\Constriva\backend\tests\Constriva.Tests\Constriva.Tests.csproj]
C:\Program Files\dotnet\sdk\9.0.302\Microsoft.Common.CurrentVersion.targets(2434,5): warning MSB3277:     "Microsoft.EntityFrameworkCore.Relational, Version=8.0.8.0, Culture=neutral, PublicKeyToken=adb9793829ddae60" foi escolhido porque era principal e "Microsoft.EntityFrameworkCore.Relational, Version=8.0.24.0, Culture=neutral, PublicKeyToken=adb9793829ddae60" n├úo era. [C:\Projetos\Capital\Constriva\backend\tests\Constriva.Tests\Constriva.Tests.csproj]
C:\Program Files\dotnet\sdk\9.0.302\Microsoft.Common.CurrentVersion.targets(2434,5): warning MSB3277:     As refer├¬ncias depender├úo de "Microsoft.EntityFrameworkCore.Relational, Version=8.0.8.0, Culture=neutral, PublicKeyToken=adb9793829ddae60" [C:\Users\Jos├® Diego\.nuget\packages\microsoft.entityframeworkcore.relational\8.0.8\lib\net8.0\Microsoft.EntityFrameworkCore.Relational.dll]. [C:\Projetos\Capital\Constriva\backend\tests\Constriva.Tests\Constriva.Tests.csproj]
C:\Program Files\dotnet\sdk\9.0.302\Microsoft.Common.CurrentVersion.targets(2434,5): warning MSB3277:         C:\Users\Jos├® Diego\.nuget\packages\microsoft.entityframeworkcore.relational\8.0.8\lib\net8.0\Microsoft.EntityFrameworkCore.Relational.dll [C:\Projetos\Capital\Constriva\backend\tests\Constriva.Tests\Constriva.Tests.csproj]
C:\Program Files\dotnet\sdk\9.0.302\Microsoft.Common.CurrentVersion.targets(2434,5): warning MSB3277:           Inclus├Áes de itens do arquivo de projeto que geraram a refer├¬ncia"C:\Users\Jos├® Diego\.nuget\packages\microsoft.entityframeworkcore.relational\8.0.8\lib\net8.0\Microsoft.EntityFrameworkCore.Relational.dll". [C:\Projetos\Capital\Constriva\backend\tests\Constriva.Tests\Constriva.Tests.csproj]
C:\Program Files\dotnet\sdk\9.0.302\Microsoft.Common.CurrentVersion.targets(2434,5): warning MSB3277:             C:\Users\Jos├® Diego\.nuget\packages\microsoft.entityframeworkcore.relational\8.0.8\lib\net8.0\Microsoft.EntityFrameworkCore.Relational.dll [C:\Projetos\Capital\Constriva\backend\tests\Constriva.Tests\Constriva.Tests.csproj]
C:\Program Files\dotnet\sdk\9.0.302\Microsoft.Common.CurrentVersion.targets(2434,5): warning MSB3277:     Refer├¬ncias que dependem de ou foram unificadas para "Microsoft.EntityFrameworkCore.Relational, Version=8.0.24.0, Culture=neutral, PublicKeyToken=adb9793829ddae60" []. [C:\Projetos\Capital\Constriva\backend\tests\Constriva.Tests\Constriva.Tests.csproj]
C:\Program Files\dotnet\sdk\9.0.302\Microsoft.Common.CurrentVersion.targets(2434,5): warning MSB3277:         C:\Projetos\Capital\Constriva\backend\src\Constriva.Infrastructure\bin\Debug\net8.0\Constriva.Infrastructure.dll [C:\Projetos\Capital\Constriva\backend\tests\Constriva.Tests\Constriva.Tests.csproj]
C:\Program Files\dotnet\sdk\9.0.302\Microsoft.Common.CurrentVersion.targets(2434,5): warning MSB3277:           Inclus├Áes de itens do arquivo de projeto que geraram a refer├¬ncia"C:\Projetos\Capital\Constriva\backend\src\Constriva.Infrastructure\bin\Debug\net8.0\Constriva.Infrastructure.dll". [C:\Projetos\Capital\Constriva\backend\tests\Constriva.Tests\Constriva.Tests.csproj]
C:\Program Files\dotnet\sdk\9.0.302\Microsoft.Common.CurrentVersion.targets(2434,5): warning MSB3277:             C:\Projetos\Capital\Constriva\backend\src\Constriva.Infrastructure\bin\Debug\net8.0\Constriva.Infrastructure.dll [C:\Projetos\Capital\Constriva\backend\tests\Constriva.Tests\Constriva.Tests.csproj]
C:\Projetos\Capital\Constriva\backend\src\Constriva.API\Controllers\UsuariosController.cs(37,16): warning CS8619: A anulabilidade de tipos de refer├¬ncia no valor do tipo 'ActionResult<UsuarioDetalheDto>' n├úo corresponde ao tipo de destino 'ActionResult<UsuarioDetalheDto?>'. [C:\Projetos\Capital\Constriva\backend\src\Constriva.API\Constriva.API.csproj]
C:\Projetos\Capital\Constriva\backend\src\Constriva.API\Controllers\RelatoriosController.cs(32,12): warning CS8619: A anulabilidade de tipos de refer├¬ncia no valor do tipo 'ActionResult<KPIsObraDto>' n├úo corresponde ao tipo de destino 'ActionResult<KPIsObraDto?>'. [C:\Projetos\Capital\Constriva\backend\src\Constriva.API\Constriva.API.csproj]
C:\Projetos\Capital\Constriva\backend\src\Constriva.API\Controllers\SSTController.cs(33,100): warning CS8604: Poss├¡vel argumento de refer├¬ncia nula para o par├ómetro 'Local' em 'UpdateDDSCommand.UpdateDDSCommand(Guid Id, Guid EmpresaId, string Tema, string Local, DateTime DataRealizacao, int QuantidadeParticipantes, string? Observacoes)'. [C:\Projetos\Capital\Constriva\backend\src\Constriva.API\Constriva.API.csproj]
C:\Program Files\dotnet\sdk\9.0.302\Microsoft.Common.CurrentVersion.targets(5094,5): warning MSB3026: Could not copy "C:\Users\Jos├® Diego\.nuget\packages\microsoft.extensions.caching.stackexchangeredis\8.0.24\lib\net8.0\Microsoft.Extensions.Caching.StackExchangeRedis.dll" to "bin\Debug\net8.0\Microsoft.Extensions.Caching.StackExchangeRedis.dll". Beginning retry 1 in 1000ms. The process cannot access the file 'C:\Projetos\Capital\Constriva\backend\src\Constriva.API\bin\Debug\net8.0\Microsoft.Extensions.Caching.StackExchangeRedis.dll' because it is being used by another process. The file is locked by: "Constriva.API (114316)" [C:\Projetos\Capital\Constriva\backend\src\Constriva.API\Constriva.API.csproj]
C:\Program Files\dotnet\sdk\9.0.302\Microsoft.Common.CurrentVersion.targets(5094,5): warning MSB3026: Could not copy "C:\Projetos\Capital\Constriva\backend\src\Constriva.Domain\bin\Debug\net8.0\Constriva.Domain.dll" to "bin\Debug\net8.0\Constriva.Domain.dll". Beginning retry 1 in 1000ms. The process cannot access the file 'C:\Projetos\Capital\Constriva\backend\src\Constriva.API\bin\Debug\net8.0\Constriva.Domain.dll' because it is being used by another process. The file is locked by: "Constriva.API (114316)" [C:\Projetos\Capital\Constriva\backend\src\Constriva.API\Constriva.API.csproj]
C:\Program Files\dotnet\sdk\9.0.302\Microsoft.Common.CurrentVersion.targets(5094,5): warning MSB3026: Could not copy "C:\Projetos\Capital\Constriva\backend\src\Constriva.Infrastructure\bin\Debug\net8.0\Constriva.Infrastructure.dll" to "bin\Debug\net8.0\Constriva.Infrastructure.dll". Beginning retry 1 in 1000ms. The process cannot access the file 'C:\Projetos\Capital\Constriva\backend\src\Constriva.API\bin\Debug\net8.0\Constriva.Infrastructure.dll' because it is being used by another process. The file is locked by: "Constriva.API (114316)" [C:\Projetos\Capital\Constriva\backend\src\Constriva.API\Constriva.API.csproj]
C:\Program Files\dotnet\sdk\9.0.302\Microsoft.Common.CurrentVersion.targets(5094,5): warning MSB3026: Could not copy "C:\Projetos\Capital\Constriva\backend\src\Constriva.Application\bin\Debug\net8.0\Constriva.Application.dll" to "bin\Debug\net8.0\Constriva.Application.dll". Beginning retry 1 in 1000ms. The process cannot access the file 'C:\Projetos\Capital\Constriva\backend\src\Constriva.API\bin\Debug\net8.0\Constriva.Application.dll' because it is being used by another process. The file is locked by: "Constriva.API (114316)" [C:\Projetos\Capital\Constriva\backend\src\Constriva.API\Constriva.API.csproj]
C:\Program Files\dotnet\sdk\9.0.302\Microsoft.Common.CurrentVersion.targets(5094,5): warning MSB3026: Could not copy "C:\Users\Jos├® Diego\.nuget\packages\microsoft.extensions.caching.stackexchangeredis\8.0.24\lib\net8.0\Microsoft.Extensions.Caching.StackExchangeRedis.dll" to "bin\Debug\net8.0\Microsoft.Extensions.Caching.StackExchangeRedis.dll". Beginning retry 2 in 1000ms. The process cannot access the file 'C:\Projetos\Capital\Constriva\backend\src\Constriva.API\bin\Debug\net8.0\Microsoft.Extensions.Caching.StackExchangeRedis.dll' because it is being used by another process. The file is locked by: "Constriva.API (114316)" [C:\Projetos\Capital\Constriva\backend\src\Constriva.API\Constriva.API.csproj]
C:\Program Files\dotnet\sdk\9.0.302\Microsoft.Common.CurrentVersion.targets(5094,5): warning MSB3026: Could not copy "C:\Projetos\Capital\Constriva\backend\src\Constriva.Domain\bin\Debug\net8.0\Constriva.Domain.dll" to "bin\Debug\net8.0\Constriva.Domain.dll". Beginning retry 2 in 1000ms. The process cannot access the file 'C:\Projetos\Capital\Constriva\backend\src\Constriva.API\bin\Debug\net8.0\Constriva.Domain.dll' because it is being used by another process. The file is locked by: "Constriva.API (114316)" [C:\Projetos\Capital\Constriva\backend\src\Constriva.API\Constriva.API.csproj]
C:\Program Files\dotnet\sdk\9.0.302\Microsoft.Common.CurrentVersion.targets(5094,5): warning MSB3026: Could not copy "C:\Projetos\Capital\Constriva\backend\src\Constriva.Infrastructure\bin\Debug\net8.0\Constriva.Infrastructure.dll" to "bin\Debug\net8.0\Constriva.Infrastructure.dll". Beginning retry 2 in 1000ms. The process cannot access the file 'C:\Projetos\Capital\Constriva\backend\src\Constriva.API\bin\Debug\net8.0\Constriva.Infrastructure.dll' because it is being used by another process. The file is locked by: "Constriva.API (114316)" [C:\Projetos\Capital\Constriva\backend\src\Constriva.API\Constriva.API.csproj]
C:\Program Files\dotnet\sdk\9.0.302\Microsoft.Common.CurrentVersion.targets(5094,5): warning MSB3026: Could not copy "C:\Projetos\Capital\Constriva\backend\src\Constriva.Application\bin\Debug\net8.0\Constriva.Application.dll" to "bin\Debug\net8.0\Constriva.Application.dll". Beginning retry 2 in 1000ms. The process cannot access the file 'C:\Projetos\Capital\Constriva\backend\src\Constriva.API\bin\Debug\net8.0\Constriva.Application.dll' because it is being used by another process. The file is locked by: "Constriva.API (114316)" [C:\Projetos\Capital\Constriva\backend\src\Constriva.API\Constriva.API.csproj]
C:\Program Files\dotnet\sdk\9.0.302\Microsoft.Common.CurrentVersion.targets(5094,5): warning MSB3026: Could not copy "C:\Users\Jos├® Diego\.nuget\packages\microsoft.extensions.caching.stackexchangeredis\8.0.24\lib\net8.0\Microsoft.Extensions.Caching.StackExchangeRedis.dll" to "bin\Debug\net8.0\Microsoft.Extensions.Caching.StackExchangeRedis.dll". Beginning retry 3 in 1000ms. The process cannot access the file 'C:\Projetos\Capital\Constriva\backend\src\Constriva.API\bin\Debug\net8.0\Microsoft.Extensions.Caching.StackExchangeRedis.dll' because it is being used by another process. The file is locked by: "Constriva.API (114316)" [C:\Projetos\Capital\Constriva\backend\src\Constriva.API\Constriva.API.csproj]
C:\Program Files\dotnet\sdk\9.0.302\Microsoft.Common.CurrentVersion.targets(5094,5): warning MSB3026: Could not copy "C:\Projetos\Capital\Constriva\backend\src\Constriva.Domain\bin\Debug\net8.0\Constriva.Domain.dll" to "bin\Debug\net8.0\Constriva.Domain.dll". Beginning retry 3 in 1000ms. The process cannot access the file 'C:\Projetos\Capital\Constriva\backend\src\Constriva.API\bin\Debug\net8.0\Constriva.Domain.dll' because it is being used by another process. The file is locked by: "Constriva.API (114316)" [C:\Projetos\Capital\Constriva\backend\src\Constriva.API\Constriva.API.csproj]
C:\Program Files\dotnet\sdk\9.0.302\Microsoft.Common.CurrentVersion.targets(5094,5): warning MSB3026: Could not copy "C:\Projetos\Capital\Constriva\backend\src\Constriva.Infrastructure\bin\Debug\net8.0\Constriva.Infrastructure.dll" to "bin\Debug\net8.0\Constriva.Infrastructure.dll". Beginning retry 3 in 1000ms. The process cannot access the file 'C:\Projetos\Capital\Constriva\backend\src\Constriva.API\bin\Debug\net8.0\Constriva.Infrastructure.dll' because it is being used by another process. The file is locked by: "Constriva.API (114316)" [C:\Projetos\Capital\Constriva\backend\src\Constriva.API\Constriva.API.csproj]
C:\Program Files\dotnet\sdk\9.0.302\Microsoft.Common.CurrentVersion.targets(5094,5): warning MSB3026: Could not copy "C:\Projetos\Capital\Constriva\backend\src\Constriva.Application\bin\Debug\net8.0\Constriva.Application.dll" to "bin\Debug\net8.0\Constriva.Application.dll". Beginning retry 3 in 1000ms. The process cannot access the file 'C:\Projetos\Capital\Constriva\backend\src\Constriva.API\bin\Debug\net8.0\Constriva.Application.dll' because it is being used by another process. The file is locked by: "Constriva.API (114316)" [C:\Projetos\Capital\Constriva\backend\src\Constriva.API\Constriva.API.csproj]
C:\Program Files\dotnet\sdk\9.0.302\Microsoft.Common.CurrentVersion.targets(5094,5): warning MSB3026: Could not copy "C:\Users\Jos├® Diego\.nuget\packages\microsoft.extensions.caching.stackexchangeredis\8.0.24\lib\net8.0\Microsoft.Extensions.Caching.StackExchangeRedis.dll" to "bin\Debug\net8.0\Microsoft.Extensions.Caching.StackExchangeRedis.dll". Beginning retry 4 in 1000ms. The process cannot access the file 'C:\Projetos\Capital\Constriva\backend\src\Constriva.API\bin\Debug\net8.0\Microsoft.Extensions.Caching.StackExchangeRedis.dll' because it is being used by another process. The file is locked by: "Constriva.API (114316)" [C:\Projetos\Capital\Constriva\backend\src\Constriva.API\Constriva.API.csproj]
C:\Program Files\dotnet\sdk\9.0.302\Microsoft.Common.CurrentVersion.targets(5094,5): warning MSB3026: Could not copy "C:\Projetos\Capital\Constriva\backend\src\Constriva.Domain\bin\Debug\net8.0\Constriva.Domain.dll" to "bin\Debug\net8.0\Constriva.Domain.dll". Beginning retry 4 in 1000ms. The process cannot access the file 'C:\Projetos\Capital\Constriva\backend\src\Constriva.API\bin\Debug\net8.0\Constriva.Domain.dll' because it is being used by another process. The file is locked by: "Constriva.API (114316)" [C:\Projetos\Capital\Constriva\backend\src\Constriva.API\Constriva.API.csproj]
C:\Program Files\dotnet\sdk\9.0.302\Microsoft.Common.CurrentVersion.targets(5094,5): warning MSB3026: Could not copy "C:\Projetos\Capital\Constriva\backend\src\Constriva.Infrastructure\bin\Debug\net8.0\Constriva.Infrastructure.dll" to "bin\Debug\net8.0\Constriva.Infrastructure.dll". Beginning retry 4 in 1000ms. The process cannot access the file 'C:\Projetos\Capital\Constriva\backend\src\Constriva.API\bin\Debug\net8.0\Constriva.Infrastructure.dll' because it is being used by another process. The file is locked by: "Constriva.API (114316)" [C:\Projetos\Capital\Constriva\backend\src\Constriva.API\Constriva.API.csproj]
C:\Program Files\dotnet\sdk\9.0.302\Microsoft.Common.CurrentVersion.targets(5094,5): warning MSB3026: Could not copy "C:\Projetos\Capital\Constriva\backend\src\Constriva.Application\bin\Debug\net8.0\Constriva.Application.dll" to "bin\Debug\net8.0\Constriva.Application.dll". Beginning retry 4 in 1000ms. The process cannot access the file 'C:\Projetos\Capital\Constriva\backend\src\Constriva.API\bin\Debug\net8.0\Constriva.Application.dll' because it is being used by another process. The file is locked by: "Constriva.API (114316)" [C:\Projetos\Capital\Constriva\backend\src\Constriva.API\Constriva.API.csproj]
C:\Program Files\dotnet\sdk\9.0.302\Microsoft.Common.CurrentVersion.targets(5094,5): warning MSB3026: Could not copy "C:\Users\Jos├® Diego\.nuget\packages\microsoft.extensions.caching.stackexchangeredis\8.0.24\lib\net8.0\Microsoft.Extensions.Caching.StackExchangeRedis.dll" to "bin\Debug\net8.0\Microsoft.Extensions.Caching.StackExchangeRedis.dll". Beginning retry 5 in 1000ms. The process cannot access the file 'C:\Projetos\Capital\Constriva\backend\src\Constriva.API\bin\Debug\net8.0\Microsoft.Extensions.Caching.StackExchangeRedis.dll' because it is being used by another process. The file is locked by: "Constriva.API (114316)" [C:\Projetos\Capital\Constriva\backend\src\Constriva.API\Constriva.API.csproj]
C:\Program Files\dotnet\sdk\9.0.302\Microsoft.Common.CurrentVersion.targets(5094,5): warning MSB3026: Could not copy "C:\Projetos\Capital\Constriva\backend\src\Constriva.Domain\bin\Debug\net8.0\Constriva.Domain.dll" to "bin\Debug\net8.0\Constriva.Domain.dll". Beginning retry 5 in 1000ms. The process cannot access the file 'C:\Projetos\Capital\Constriva\backend\src\Constriva.API\bin\Debug\net8.0\Constriva.Domain.dll' because it is being used by another process. The file is locked by: "Constriva.API (114316)" [C:\Projetos\Capital\Constriva\backend\src\Constriva.API\Constriva.API.csproj]
C:\Program Files\dotnet\sdk\9.0.302\Microsoft.Common.CurrentVersion.targets(5094,5): warning MSB3026: Could not copy "C:\Projetos\Capital\Constriva\backend\src\Constriva.Infrastructure\bin\Debug\net8.0\Constriva.Infrastructure.dll" to "bin\Debug\net8.0\Constriva.Infrastructure.dll". Beginning retry 5 in 1000ms. The process cannot access the file 'C:\Projetos\Capital\Constriva\backend\src\Constriva.API\bin\Debug\net8.0\Constriva.Infrastructure.dll' because it is being used by another process. The file is locked by: "Constriva.API (114316)" [C:\Projetos\Capital\Constriva\backend\src\Constriva.API\Constriva.API.csproj]
C:\Program Files\dotnet\sdk\9.0.302\Microsoft.Common.CurrentVersion.targets(5094,5): warning MSB3026: Could not copy "C:\Projetos\Capital\Constriva\backend\src\Constriva.Application\bin\Debug\net8.0\Constriva.Application.dll" to "bin\Debug\net8.0\Constriva.Application.dll". Beginning retry 5 in 1000ms. The process cannot access the file 'C:\Projetos\Capital\Constriva\backend\src\Constriva.API\bin\Debug\net8.0\Constriva.Application.dll' because it is being used by another process. The file is locked by: "Constriva.API (114316)" [C:\Projetos\Capital\Constriva\backend\src\Constriva.API\Constriva.API.csproj]
C:\Program Files\dotnet\sdk\9.0.302\Microsoft.Common.CurrentVersion.targets(5094,5): warning MSB3026: Could not copy "C:\Users\Jos├® Diego\.nuget\packages\microsoft.extensions.caching.stackexchangeredis\8.0.24\lib\net8.0\Microsoft.Extensions.Caching.StackExchangeRedis.dll" to "bin\Debug\net8.0\Microsoft.Extensions.Caching.StackExchangeRedis.dll". Beginning retry 6 in 1000ms. The process cannot access the file 'C:\Projetos\Capital\Constriva\backend\src\Constriva.API\bin\Debug\net8.0\Microsoft.Extensions.Caching.StackExchangeRedis.dll' because it is being used by another process. The file is locked by: "Constriva.API (114316)" [C:\Projetos\Capital\Constriva\backend\src\Constriva.API\Constriva.API.csproj]
C:\Program Files\dotnet\sdk\9.0.302\Microsoft.Common.CurrentVersion.targets(5094,5): warning MSB3026: Could not copy "C:\Projetos\Capital\Constriva\backend\src\Constriva.Domain\bin\Debug\net8.0\Constriva.Domain.dll" to "bin\Debug\net8.0\Constriva.Domain.dll". Beginning retry 6 in 1000ms. The process cannot access the file 'C:\Projetos\Capital\Constriva\backend\src\Constriva.API\bin\Debug\net8.0\Constriva.Domain.dll' because it is being used by another process. The file is locked by: "Constriva.API (114316)" [C:\Projetos\Capital\Constriva\backend\src\Constriva.API\Constriva.API.csproj]
C:\Program Files\dotnet\sdk\9.0.302\Microsoft.Common.CurrentVersion.targets(5094,5): warning MSB3026: Could not copy "C:\Projetos\Capital\Constriva\backend\src\Constriva.Infrastructure\bin\Debug\net8.0\Constriva.Infrastructure.dll" to "bin\Debug\net8.0\Constriva.Infrastructure.dll". Beginning retry 6 in 1000ms. The process cannot access the file 'C:\Projetos\Capital\Constriva\backend\src\Constriva.API\bin\Debug\net8.0\Constriva.Infrastructure.dll' because it is being used by another process. The file is locked by: "Constriva.API (114316)" [C:\Projetos\Capital\Constriva\backend\src\Constriva.API\Constriva.API.csproj]
C:\Program Files\dotnet\sdk\9.0.302\Microsoft.Common.CurrentVersion.targets(5094,5): warning MSB3026: Could not copy "C:\Projetos\Capital\Constriva\backend\src\Constriva.Application\bin\Debug\net8.0\Constriva.Application.dll" to "bin\Debug\net8.0\Constriva.Application.dll". Beginning retry 6 in 1000ms. The process cannot access the file 'C:\Projetos\Capital\Constriva\backend\src\Constriva.API\bin\Debug\net8.0\Constriva.Application.dll' because it is being used by another process. The file is locked by: "Constriva.API (114316)" [C:\Projetos\Capital\Constriva\backend\src\Constriva.API\Constriva.API.csproj]
C:\Program Files\dotnet\sdk\9.0.302\Microsoft.Common.CurrentVersion.targets(5094,5): warning MSB3026: Could not copy "C:\Users\Jos├® Diego\.nuget\packages\microsoft.extensions.caching.stackexchangeredis\8.0.24\lib\net8.0\Microsoft.Extensions.Caching.StackExchangeRedis.dll" to "bin\Debug\net8.0\Microsoft.Extensions.Caching.StackExchangeRedis.dll". Beginning retry 7 in 1000ms. The process cannot access the file 'C:\Projetos\Capital\Constriva\backend\src\Constriva.API\bin\Debug\net8.0\Microsoft.Extensions.Caching.StackExchangeRedis.dll' because it is being used by another process. The file is locked by: "Constriva.API (114316)" [C:\Projetos\Capital\Constriva\backend\src\Constriva.API\Constriva.API.csproj]
C:\Program Files\dotnet\sdk\9.0.302\Microsoft.Common.CurrentVersion.targets(5094,5): warning MSB3026: Could not copy "C:\Projetos\Capital\Constriva\backend\src\Constriva.Domain\bin\Debug\net8.0\Constriva.Domain.dll" to "bin\Debug\net8.0\Constriva.Domain.dll". Beginning retry 7 in 1000ms. The process cannot access the file 'C:\Projetos\Capital\Constriva\backend\src\Constriva.API\bin\Debug\net8.0\Constriva.Domain.dll' because it is being used by another process. The file is locked by: "Constriva.API (114316)" [C:\Projetos\Capital\Constriva\backend\src\Constriva.API\Constriva.API.csproj]
C:\Program Files\dotnet\sdk\9.0.302\Microsoft.Common.CurrentVersion.targets(5094,5): warning MSB3026: Could not copy "C:\Projetos\Capital\Constriva\backend\src\Constriva.Infrastructure\bin\Debug\net8.0\Constriva.Infrastructure.dll" to "bin\Debug\net8.0\Constriva.Infrastructure.dll". Beginning retry 7 in 1000ms. The process cannot access the file 'C:\Projetos\Capital\Constriva\backend\src\Constriva.API\bin\Debug\net8.0\Constriva.Infrastructure.dll' because it is being used by another process. The file is locked by: "Constriva.API (114316)" [C:\Projetos\Capital\Constriva\backend\src\Constriva.API\Constriva.API.csproj]
C:\Program Files\dotnet\sdk\9.0.302\Microsoft.Common.CurrentVersion.targets(5094,5): warning MSB3026: Could not copy "C:\Projetos\Capital\Constriva\backend\src\Constriva.Application\bin\Debug\net8.0\Constriva.Application.dll" to "bin\Debug\net8.0\Constriva.Application.dll". Beginning retry 7 in 1000ms. The process cannot access the file 'C:\Projetos\Capital\Constriva\backend\src\Constriva.API\bin\Debug\net8.0\Constriva.Application.dll' because it is being used by another process. The file is locked by: "Constriva.API (114316)" [C:\Projetos\Capital\Constriva\backend\src\Constriva.API\Constriva.API.csproj]
C:\Program Files\dotnet\sdk\9.0.302\Microsoft.Common.CurrentVersion.targets(5094,5): warning MSB3026: Could not copy "C:\Users\Jos├® Diego\.nuget\packages\microsoft.extensions.caching.stackexchangeredis\8.0.24\lib\net8.0\Microsoft.Extensions.Caching.StackExchangeRedis.dll" to "bin\Debug\net8.0\Microsoft.Extensions.Caching.StackExchangeRedis.dll". Beginning retry 8 in 1000ms. The process cannot access the file 'C:\Projetos\Capital\Constriva\backend\src\Constriva.API\bin\Debug\net8.0\Microsoft.Extensions.Caching.StackExchangeRedis.dll' because it is being used by another process. The file is locked by: "Constriva.API (114316)" [C:\Projetos\Capital\Constriva\backend\src\Constriva.API\Constriva.API.csproj]
C:\Program Files\dotnet\sdk\9.0.302\Microsoft.Common.CurrentVersion.targets(5094,5): warning MSB3026: Could not copy "C:\Projetos\Capital\Constriva\backend\src\Constriva.Domain\bin\Debug\net8.0\Constriva.Domain.dll" to "bin\Debug\net8.0\Constriva.Domain.dll". Beginning retry 8 in 1000ms. The process cannot access the file 'C:\Projetos\Capital\Constriva\backend\src\Constriva.API\bin\Debug\net8.0\Constriva.Domain.dll' because it is being used by another process. The file is locked by: "Constriva.API (114316)" [C:\Projetos\Capital\Constriva\backend\src\Constriva.API\Constriva.API.csproj]
C:\Program Files\dotnet\sdk\9.0.302\Microsoft.Common.CurrentVersion.targets(5094,5): warning MSB3026: Could not copy "C:\Projetos\Capital\Constriva\backend\src\Constriva.Infrastructure\bin\Debug\net8.0\Constriva.Infrastructure.dll" to "bin\Debug\net8.0\Constriva.Infrastructure.dll". Beginning retry 8 in 1000ms. The process cannot access the file 'C:\Projetos\Capital\Constriva\backend\src\Constriva.API\bin\Debug\net8.0\Constriva.Infrastructure.dll' because it is being used by another process. The file is locked by: "Constriva.API (114316)" [C:\Projetos\Capital\Constriva\backend\src\Constriva.API\Constriva.API.csproj]
C:\Program Files\dotnet\sdk\9.0.302\Microsoft.Common.CurrentVersion.targets(5094,5): warning MSB3026: Could not copy "C:\Projetos\Capital\Constriva\backend\src\Constriva.Application\bin\Debug\net8.0\Constriva.Application.dll" to "bin\Debug\net8.0\Constriva.Application.dll". Beginning retry 8 in 1000ms. The process cannot access the file 'C:\Projetos\Capital\Constriva\backend\src\Constriva.API\bin\Debug\net8.0\Constriva.Application.dll' because it is being used by another process. The file is locked by: "Constriva.API (114316)" [C:\Projetos\Capital\Constriva\backend\src\Constriva.API\Constriva.API.csproj]
C:\Program Files\dotnet\sdk\9.0.302\Microsoft.Common.CurrentVersion.targets(5094,5): warning MSB3026: Could not copy "C:\Users\Jos├® Diego\.nuget\packages\microsoft.extensions.caching.stackexchangeredis\8.0.24\lib\net8.0\Microsoft.Extensions.Caching.StackExchangeRedis.dll" to "bin\Debug\net8.0\Microsoft.Extensions.Caching.StackExchangeRedis.dll". Beginning retry 9 in 1000ms. The process cannot access the file 'C:\Projetos\Capital\Constriva\backend\src\Constriva.API\bin\Debug\net8.0\Microsoft.Extensions.Caching.StackExchangeRedis.dll' because it is being used by another process. The file is locked by: "Constriva.API (114316)" [C:\Projetos\Capital\Constriva\backend\src\Constriva.API\Constriva.API.csproj]
C:\Program Files\dotnet\sdk\9.0.302\Microsoft.Common.CurrentVersion.targets(5094,5): warning MSB3026: Could not copy "C:\Projetos\Capital\Constriva\backend\src\Constriva.Domain\bin\Debug\net8.0\Constriva.Domain.dll" to "bin\Debug\net8.0\Constriva.Domain.dll". Beginning retry 9 in 1000ms. The process cannot access the file 'C:\Projetos\Capital\Constriva\backend\src\Constriva.API\bin\Debug\net8.0\Constriva.Domain.dll' because it is being used by another process. The file is locked by: "Constriva.API (114316)" [C:\Projetos\Capital\Constriva\backend\src\Constriva.API\Constriva.API.csproj]
C:\Program Files\dotnet\sdk\9.0.302\Microsoft.Common.CurrentVersion.targets(5094,5): warning MSB3026: Could not copy "C:\Projetos\Capital\Constriva\backend\src\Constriva.Infrastructure\bin\Debug\net8.0\Constriva.Infrastructure.dll" to "bin\Debug\net8.0\Constriva.Infrastructure.dll". Beginning retry 9 in 1000ms. The process cannot access the file 'C:\Projetos\Capital\Constriva\backend\src\Constriva.API\bin\Debug\net8.0\Constriva.Infrastructure.dll' because it is being used by another process. The file is locked by: "Constriva.API (114316)" [C:\Projetos\Capital\Constriva\backend\src\Constriva.API\Constriva.API.csproj]
C:\Program Files\dotnet\sdk\9.0.302\Microsoft.Common.CurrentVersion.targets(5094,5): warning MSB3026: Could not copy "C:\Projetos\Capital\Constriva\backend\src\Constriva.Application\bin\Debug\net8.0\Constriva.Application.dll" to "bin\Debug\net8.0\Constriva.Application.dll". Beginning retry 9 in 1000ms. The process cannot access the file 'C:\Projetos\Capital\Constriva\backend\src\Constriva.API\bin\Debug\net8.0\Constriva.Application.dll' because it is being used by another process. The file is locked by: "Constriva.API (114316)" [C:\Projetos\Capital\Constriva\backend\src\Constriva.API\Constriva.API.csproj]
C:\Program Files\dotnet\sdk\9.0.302\Microsoft.Common.CurrentVersion.targets(5094,5): warning MSB3026: Could not copy "C:\Users\Jos├® Diego\.nuget\packages\microsoft.extensions.caching.stackexchangeredis\8.0.24\lib\net8.0\Microsoft.Extensions.Caching.StackExchangeRedis.dll" to "bin\Debug\net8.0\Microsoft.Extensions.Caching.StackExchangeRedis.dll". Beginning retry 10 in 1000ms. The process cannot access the file 'C:\Projetos\Capital\Constriva\backend\src\Constriva.API\bin\Debug\net8.0\Microsoft.Extensions.Caching.StackExchangeRedis.dll' because it is being used by another process. The file is locked by: "Constriva.API (114316)" [C:\Projetos\Capital\Constriva\backend\src\Constriva.API\Constriva.API.csproj]
C:\Program Files\dotnet\sdk\9.0.302\Microsoft.Common.CurrentVersion.targets(5094,5): warning MSB3026: Could not copy "C:\Projetos\Capital\Constriva\backend\src\Constriva.Domain\bin\Debug\net8.0\Constriva.Domain.dll" to "bin\Debug\net8.0\Constriva.Domain.dll". Beginning retry 10 in 1000ms. The process cannot access the file 'C:\Projetos\Capital\Constriva\backend\src\Constriva.API\bin\Debug\net8.0\Constriva.Domain.dll' because it is being used by another process. The file is locked by: "Constriva.API (114316)" [C:\Projetos\Capital\Constriva\backend\src\Constriva.API\Constriva.API.csproj]
C:\Program Files\dotnet\sdk\9.0.302\Microsoft.Common.CurrentVersion.targets(5094,5): warning MSB3026: Could not copy "C:\Projetos\Capital\Constriva\backend\src\Constriva.Infrastructure\bin\Debug\net8.0\Constriva.Infrastructure.dll" to "bin\Debug\net8.0\Constriva.Infrastructure.dll". Beginning retry 10 in 1000ms. The process cannot access the file 'C:\Projetos\Capital\Constriva\backend\src\Constriva.API\bin\Debug\net8.0\Constriva.Infrastructure.dll' because it is being used by another process. The file is locked by: "Constriva.API (114316)" [C:\Projetos\Capital\Constriva\backend\src\Constriva.API\Constriva.API.csproj]
C:\Program Files\dotnet\sdk\9.0.302\Microsoft.Common.CurrentVersion.targets(5094,5): warning MSB3026: Could not copy "C:\Projetos\Capital\Constriva\backend\src\Constriva.Application\bin\Debug\net8.0\Constriva.Application.dll" to "bin\Debug\net8.0\Constriva.Application.dll". Beginning retry 10 in 1000ms. The process cannot access the file 'C:\Projetos\Capital\Constriva\backend\src\Constriva.API\bin\Debug\net8.0\Constriva.Application.dll' because it is being used by another process. The file is locked by: "Constriva.API (114316)" [C:\Projetos\Capital\Constriva\backend\src\Constriva.API\Constriva.API.csproj]
C:\Program Files\dotnet\sdk\9.0.302\Microsoft.Common.CurrentVersion.targets(5094,5): error MSB3027: Could not copy "C:\Users\Jos├® Diego\.nuget\packages\microsoft.extensions.caching.stackexchangeredis\8.0.24\lib\net8.0\Microsoft.Extensions.Caching.StackExchangeRedis.dll" to "bin\Debug\net8.0\Microsoft.Extensions.Caching.StackExchangeRedis.dll". Exceeded retry count of 10. Failed. The file is locked by: "Constriva.API (114316)" [C:\Projetos\Capital\Constriva\backend\src\Constriva.API\Constriva.API.csproj]
C:\Program Files\dotnet\sdk\9.0.302\Microsoft.Common.CurrentVersion.targets(5094,5): error MSB3021: Unable to copy file "C:\Users\Jos├® Diego\.nuget\packages\microsoft.extensions.caching.stackexchangeredis\8.0.24\lib\net8.0\Microsoft.Extensions.Caching.StackExchangeRedis.dll" to "bin\Debug\net8.0\Microsoft.Extensions.Caching.StackExchangeRedis.dll". The process cannot access the file 'C:\Projetos\Capital\Constriva\backend\src\Constriva.API\bin\Debug\net8.0\Microsoft.Extensions.Caching.StackExchangeRedis.dll' because it is being used by another process. [C:\Projetos\Capital\Constriva\backend\src\Constriva.API\Constriva.API.csproj]
C:\Program Files\dotnet\sdk\9.0.302\Microsoft.Common.CurrentVersion.targets(5094,5): error MSB3027: Could not copy "C:\Projetos\Capital\Constriva\backend\src\Constriva.Domain\bin\Debug\net8.0\Constriva.Domain.dll" to "bin\Debug\net8.0\Constriva.Domain.dll". Exceeded retry count of 10. Failed. The file is locked by: "Constriva.API (114316)" [C:\Projetos\Capital\Constriva\backend\src\Constriva.API\Constriva.API.csproj]
C:\Program Files\dotnet\sdk\9.0.302\Microsoft.Common.CurrentVersion.targets(5094,5): error MSB3021: Unable to copy file "C:\Projetos\Capital\Constriva\backend\src\Constriva.Domain\bin\Debug\net8.0\Constriva.Domain.dll" to "bin\Debug\net8.0\Constriva.Domain.dll". The process cannot access the file 'C:\Projetos\Capital\Constriva\backend\src\Constriva.API\bin\Debug\net8.0\Constriva.Domain.dll' because it is being used by another process. [C:\Projetos\Capital\Constriva\backend\src\Constriva.API\Constriva.API.csproj]
C:\Program Files\dotnet\sdk\9.0.302\Microsoft.Common.CurrentVersion.targets(5094,5): error MSB3027: Could not copy "C:\Projetos\Capital\Constriva\backend\src\Constriva.Infrastructure\bin\Debug\net8.0\Constriva.Infrastructure.dll" to "bin\Debug\net8.0\Constriva.Infrastructure.dll". Exceeded retry count of 10. Failed. The file is locked by: "Constriva.API (114316)" [C:\Projetos\Capital\Constriva\backend\src\Constriva.API\Constriva.API.csproj]
C:\Program Files\dotnet\sdk\9.0.302\Microsoft.Common.CurrentVersion.targets(5094,5): error MSB3021: Unable to copy file "C:\Projetos\Capital\Constriva\backend\src\Constriva.Infrastructure\bin\Debug\net8.0\Constriva.Infrastructure.dll" to "bin\Debug\net8.0\Constriva.Infrastructure.dll". The process cannot access the file 'C:\Projetos\Capital\Constriva\backend\src\Constriva.API\bin\Debug\net8.0\Constriva.Infrastructure.dll' because it is being used by another process. [C:\Projetos\Capital\Constriva\backend\src\Constriva.API\Constriva.API.csproj]
C:\Program Files\dotnet\sdk\9.0.302\Microsoft.Common.CurrentVersion.targets(5094,5): error MSB3027: Could not copy "C:\Projetos\Capital\Constriva\backend\src\Constriva.Application\bin\Debug\net8.0\Constriva.Application.dll" to "bin\Debug\net8.0\Constriva.Application.dll". Exceeded retry count of 10. Failed. The file is locked by: "Constriva.API (114316)" [C:\Projetos\Capital\Constriva\backend\src\Constriva.API\Constriva.API.csproj]
C:\Program Files\dotnet\sdk\9.0.302\Microsoft.Common.CurrentVersion.targets(5094,5): error MSB3021: Unable to copy file "C:\Projetos\Capital\Constriva\backend\src\Constriva.Application\bin\Debug\net8.0\Constriva.Application.dll" to "bin\Debug\net8.0\Constriva.Application.dll". The process cannot access the file 'C:\Projetos\Capital\Constriva\backend\src\Constriva.API\bin\Debug\net8.0\Constriva.Application.dll' because it is being used by another process. [C:\Projetos\Capital\Constriva\backend\src\Constriva.API\Constriva.API.csproj]
    52 Aviso(s)
    8 Erro(s)

Tempo Decorrido 00:00:16.69
